\documentclass{article}

\usepackage{booktabs}
\usepackage[letterpaper,hmargin=0.5in,vmargin=0.5in]{geometry}
\usepackage[parfill]{parskip}
\pagestyle{empty}
\linespread{1.5}
\begin{document}

\hfill{\huge\bf CBS Server}\hfill
\bigskip
\hrule

{\bf Invoice To:} \\
Kevin Kiwi 

{\bf Billing Period:} \\
Nov 01, 2020--Jan 31, 2021

{\bf Date:} \\
Dec 08, 2020

\begin{table}[htb]
\begin{center}
\begin{tabular}[htb]{l l l l r r r}
\toprule
Name & Start Date & End Date & Quantity & Unit Price & Quarter & Amount\\
\midrule
\bf Storage & & & & & &\\
Kiwi & Sep 15, 2020 & N/A & 4 TB & \$50.00 & 0.25 & \$50.00\\
\bf Power Users\\

Kiwi & Sep 15, 2020 & N/A & 1 Power User & \$1000.00 & 0.25 & \$250.00\\

Lemon & Nov 12, 2020 & Sep 30, 2025 & 1 Power User & \$500.00 & 0.25 & \$125.00\\

\midrule
\bf Subtotal & & & 2 Power Users & & 0.25 & \$375.00\\
\bottomrule
\bf Balance Due & & & & & & \$425.00
\end{tabular}
\end{center}
\end{table}

\end{document}